// Vitest Snapshot v1, https://vitest.dev/guide/snapshot.html

exports[`Booking Form > Will create a snapshot 1`] = `
<main
  className="pt-20"
>
  <section
    className="bg-[#495E57] w-full flex justify-between -red-900 items-center px-[20vw] py-10"
  >
    <div
      className="lg:w-[25vw] w-full  -green-900 flex flex-col justify-center item"
    >
      <h1
        className=" font-markazi text-[3.25rem] leading-[0.8] text-[#F4CE14]"
      >
        Little Lemon
      </h1>
      <p
        className="text-white font-markazi text-3xl pb-4"
      >
        Chicago
      </p>
      <p
        className="text-white font-karla pb-8"
      >
        We are a family-owned Mediterranean restaurant, focused on traditional recipes with a modern twist
      </p>
      <a
        aria-label="Reserve a table"
        className="bg-[#F4CE14] text-black px-4 py-2 rounded text-center"
        href="/booking"
        onClick={[Function]}
      >
        Reserve a table
      </a>
    </div>
    <div
      className="static  -red-900 flex justify-center items-"
    >
      <img
        alt="Little Lemon Restaurant"
        aria-hidden="true"
        className="lg:block hidden w-[300px] rounded-xl object-cover h-[335px] absolute right-[20vw] top-[8rem]"
        src="https://res.cloudinary.com/dvqawl4nw/image/upload/v1701453328/pbygrd9a1r6puekc3x2y.jpg"
      />
    </div>
  </section>
  <section
    className="flex flex-col justify-center items- py-24 px-[20vw] borer borer-green-900"
  >
    <div
      className="flex md:flex-row flex-col justify-between md:items-center mb-4 borer borer-green-900"
    >
      <h1
        className=" font-markazi text-5xl md:pb-0 pb-4"
      >
        This week's specials!
      </h1>
      <button
        className="bg-[#F4CE14] text-black px-4 py-2 rounded"
      >
        Order online
      </button>
    </div>
    <div
      className="flex flex-wrap justify-between items-start borer borer-green-900"
    >
      <div>
        <article
          aria-label="Card for Greek Salad"
          className="flex flex-col justify-start item-start mb-8 w-full lg:w-[230px] boder boder-red-900
     bg-gray-200 rounded-[16px] font-karla hover:cursor-pointer"
        >
          <div
            className="borer rounded-t-xl borer-red-800 overflow-clip"
          >
            <img
              alt="Greek Salad"
              className="object-cover duration-300 delay=150 transition-all ease-in hover:scale-110 w-full lg:w-[250px] h-[224px] "
              src="https://res.cloudinary.com/dvqawl4nw/image/upload/v1701456411/egxxnqvfc50gfksic7dk.png"
            />
          </div>
          <span
            className="flex items-center justify-between"
          >
             
            <p
              aria-label="Greek Salad name"
              className="p-4"
            >
              Greek Salad
            </p>
            <p
              className="p-4 text-[#EE9972]"
            >
              $12.99
            </p>
          </span>
          <p
            aria-label="Greek Salad description"
            className="p-4"
          >
            A refreshing and healthy salad inspired by Mediterranean cuisine. 
      This Greek Salad features a mix of crisp vegetables like tomatoes, cucumbers, 
      and bell peppers, topped with feta cheese ...
          </p>
          <button
            className="bg-none"
          >
            <p
              aria-label="Order a delivery for Greek Salad"
              className="flex p-4"
            >
              Order a delivery
              <img
                className="ml-6"
                src="/src/assets/Delivery.svg"
              />
            </p>
          </button>
        </article>
      </div>
      <div>
        <article
          aria-label="Card for Bruschetta"
          className="flex flex-col justify-start item-start mb-8 w-full lg:w-[230px] boder boder-red-900
     bg-gray-200 rounded-[16px] font-karla hover:cursor-pointer"
        >
          <div
            className="borer rounded-t-xl borer-red-800 overflow-clip"
          >
            <img
              alt="Bruschetta"
              className="object-cover duration-300 delay=150 transition-all ease-in hover:scale-110 w-full lg:w-[250px] h-[224px] "
              src="https://res.cloudinary.com/dvqawl4nw/image/upload/v1701454943/jbcggkchmsfgnomtobkp.jpg"
            />
          </div>
          <span
            className="flex items-center justify-between"
          >
             
            <p
              aria-label="Bruschetta name"
              className="p-4"
            >
              Bruschetta
            </p>
            <p
              className="p-4 text-[#EE9972]"
            >
              $5.99
            </p>
          </span>
          <p
            aria-label="Bruschetta description"
            className="p-4"
          >
            A classic Italian appetizer, 
      Bruschetta consists of grilled bread rubbed with garlic and topped with diced tomatoes,
       fresh basil, and drizzled with balsamic glaze. It offers a delightful...
          </p>
          <button
            className="bg-none"
          >
            <p
              aria-label="Order a delivery for Bruschetta"
              className="flex p-4"
            >
              Order a delivery
              <img
                className="ml-6"
                src="/src/assets/Delivery.svg"
              />
            </p>
          </button>
        </article>
      </div>
      <div>
        <article
          aria-label="Card for Lemon Dessert"
          className="flex flex-col justify-start item-start mb-8 w-full lg:w-[230px] boder boder-red-900
     bg-gray-200 rounded-[16px] font-karla hover:cursor-pointer"
        >
          <div
            className="borer rounded-t-xl borer-red-800 overflow-clip"
          >
            <img
              alt="Lemon Dessert"
              className="object-cover duration-300 delay=150 transition-all ease-in hover:scale-110 w-full lg:w-[250px] h-[224px] "
              src="https://res.cloudinary.com/dvqawl4nw/image/upload/v1701454934/p3gvo4pew7extg8johdn.jpg"
            />
          </div>
          <span
            className="flex items-center justify-between"
          >
             
            <p
              aria-label="Lemon Dessert name"
              className="p-4"
            >
              Lemon Dessert
            </p>
            <p
              className="p-4 text-[#EE9972]"
            >
              $5.00
            </p>
          </span>
          <p
            aria-label="Lemon Dessert description"
            className="p-4"
          >
            A zesty and indulgent lemon dessert that satisfies the sweet tooth.
       This dessert may include lemon bars, lemon tarts, or lemon-flavored cakes. 
       The bright and citrusy flavor of lemon add...
          </p>
          <button
            className="bg-none"
          >
            <p
              aria-label="Order a delivery for Lemon Dessert"
              className="flex p-4"
            >
              Order a delivery
              <img
                className="ml-6"
                src="/src/assets/Delivery.svg"
              />
            </p>
          </button>
        </article>
      </div>
    </div>
  </section>
  <section
    className="bg-[#495E57] py-24 px-[20vw]"
  >
    <h1
      aria-label="Testimonials"
      className="font-markazi text-5xl text-center text-white"
    >
      Testimonials
    </h1>
    <div
      className="grid md:grid-cols-2 grid-cols-1 xl:grid-cols-4 gap-4 justify-around items-center pt-12"
    >
      <article
        aria-label="Testimonial from Amy"
        className="flex flex-col bg-white mb-4 rounded-[16px] font-karla"
      >
        <p
          aria-label="Rating: 5 stars"
          className="pt-8 pl-8 pb-4"
        >
          Rating: 
          5
        </p>
        <p
          className="flex items-center pl-8"
        >
          <img
            alt="Profile image of Amy"
            className="w-14 rounded-full h-14 object-cover mr-4"
            src="https://res.cloudinary.com/dvqawl4nw/image/upload/v1700576200/lupkrg0d6s9zksiqg9fg.avif"
          />
          Amy
        </p>
        <p
          aria-label="Testimonial: Great food and hospitality"
          className="pt-4 pb-8 px-8"
        >
          Great food and hospitality
        </p>
      </article>
      <article
        aria-label="Testimonial from Maria"
        className="flex flex-col bg-white mb-4 rounded-[16px] font-karla"
      >
        <p
          aria-label="Rating: 4 stars"
          className="pt-8 pl-8 pb-4"
        >
          Rating: 
          4
        </p>
        <p
          className="flex items-center pl-8"
        >
          <img
            alt="Profile image of Maria"
            className="w-14 rounded-full h-14 object-cover mr-4"
            src="https://res.cloudinary.com/dvqawl4nw/image/upload/v1700576198/z8kjqwsl82lthhhdljc2.avif"
          />
          Maria
        </p>
        <p
          aria-label="Testimonial: Great food and hospitality"
          className="pt-4 pb-8 px-8"
        >
          Great food and hospitality
        </p>
      </article>
      <article
        aria-label="Testimonial from Silvia"
        className="flex flex-col bg-white mb-4 rounded-[16px] font-karla"
      >
        <p
          aria-label="Rating: 4.3 stars"
          className="pt-8 pl-8 pb-4"
        >
          Rating: 
          4.3
        </p>
        <p
          className="flex items-center pl-8"
        >
          <img
            alt="Profile image of Silvia"
            className="w-14 rounded-full h-14 object-cover mr-4"
            src="https://res.cloudinary.com/dvqawl4nw/image/upload/v1700576196/f2uibet1zsaah1eezqit.avif"
          />
          Silvia
        </p>
        <p
          aria-label="Testimonial: Great food and hospitality"
          className="pt-4 pb-8 px-8"
        >
          Great food and hospitality
        </p>
      </article>
      <article
        aria-label="Testimonial from John"
        className="flex flex-col bg-white mb-4 rounded-[16px] font-karla"
      >
        <p
          aria-label="Rating: 4.7 stars"
          className="pt-8 pl-8 pb-4"
        >
          Rating: 
          4.7
        </p>
        <p
          className="flex items-center pl-8"
        >
          <img
            alt="Profile image of John"
            className="w-14 rounded-full h-14 object-cover mr-4"
            src="https://res.cloudinary.com/dvqawl4nw/image/upload/v1701541341/vlad1gswy3vlxentw9al.jpg"
          />
          John
        </p>
        <p
          aria-label="Testimonial: Great food and hospitality"
          className="pt-4 pb-8 px-8"
        >
          Great food and hospitality
        </p>
      </article>
    </div>
  </section>
  <section
    aria-label="About Little Lemon in Chicago"
    className="py-24 px-[20vw] flex"
  >
    <div
      className="pr-6"
    >
      <h1
        aria-label="Little Lemon"
        className="font-markazi text-[3.25rem] leading-[0.8]"
      >
        Little Lemon
      </h1>
      <p
        className="font-markazi text-3xl pb-4"
      >
        Chicago
      </p>
      <p
        aria-label="Description about Little Lemon in Chicago"
        className="font-karla"
      >
        Amet minim mollit non deserunt ullamco est sit aliqua dolor do amet sint. Velit officia consequat duis enim velit mollit. Exercitation veniam consequat sunt nostrud amet. Amet minim mollit non deserunt ullamco est sit aliqua dolor do amet sint. Velit officia consequat duis enim velit mollit.
      </p>
    </div>
    <div
      aria-hidden="true"
      className="w-"
    >
      <img
        alt="Little Lemon Chicago"
        className="hidden lg:block object-cover h-full"
        src="https://res.cloudinary.com/dvqawl4nw/image/upload/v1701684970/jnatcrxa3sxjppcjpeeh.png"
      />
    </div>
  </section>
</main>
`;
